2 178
6619.7007900000 -0.0941830394 0.0855303529
0.5705563991 0.8179987269 -0.0730990988
0.1363874216 -0.0066042835 0.9906335623
0.8098542256 -0.5751821157 -0.1153328534
-157.7694985677 -108.2917778960 -59.3840684904
9267.8926276621 -0.0807042713 0.0946617630
-0.1974566237 0.9803027739 0.0041657173
-0.0162935520 -0.0075306488 0.9998388918
0.9801762096 0.1973569375 0.0174595907
-234.6440795589 -124.2775801297 -363.1678785211
