6619.7007900000 -0.0974703000 0.0864767000
0.5693507607 0.8189266152 -0.0721034690
-0.1361459352 0.0074300945 -0.9906609299
-0.8107428665 0.5738501482 0.1157238598
-158.8131571811 108.1901159221 58.1318915400
