9320.2748800000 -0.0840269000 0.0919512000
-0.1997314888 0.9798375271 0.0050747221
0.0158376526 0.0084066837 -0.9998392353
-0.9797226654 -0.1996190074 -0.0171974058
-235.6974902398 124.4565992018 363.4105832869
