51.8358915522 188.1448849839 69.8956870083
-8.9641964527 306.2719022366 114.9830468261
44.8454804951 269.0334913385 90.1346565027
55.0859525296 159.4857504014 76.2422341078
